GAMS 40.1.0  93c2a77b Aug 1, 2022           DEX-DEG x86 64bit/Mac OS X - 10/14/22 19:19:09 Page 1
G e n e r a l   A l g e b r a i c   M o d e l i n g   S y s t e m
C o m p i l a t i o n


      Laboratorio 3 - MOS
      Ejercicio 3
       
      Realizado por:
      Juan Andrés Romero C - 202013449
      Juan Sebastián Alegría - 202011282
   9   
  10  Sets i     'Songs'       /i1*i8/
  11       genre 'Song genres' /BluesRock, RockAndRoll/;
  12   
  13  Parameter songGenres(i, genre);
  14   
  15  songGenres('i1', 'BluesRock') = 1;
  16  songGenres('i2', 'RockAndRoll') = 1;
  17  songGenres('i3', 'BluesRock') = 1;
  18  songGenres('i4', 'RockAndRoll') = 1;
  19  songGenres('i5', 'BluesRock') = 1;
  20  songGenres('i6', 'RockAndRoll') = 1;
  21  songGenres('i8', 'RockAndRoll') = 1;
  22  songGenres('i8', 'BluesRock') = 1;
  23   
  24  Parameter duration(i) 'Song durations' /i1 4, i2 5, i3 3, i4 2, i5 4, i6 3, i7 5, i8 4/;
  25   
  26  Variables a(i) 'Song selected (Side A)'
  27            b(i) 'Song selected (Side B)'
  28            z    'Target function';
  29   
  30  Binary Variables a
  31                   b;
  32   
  33  Equations targetFunc
  34            minDurationAMax
  35            minDurationAMin
  36            minDurationBMax
  37            minDurationBMin
  38            minBluesA
  39            minBluesB
  40            minRockNRoll
  41            conditionalX
  42            conditionalY;
  43   
  44  targetFunc..      z =e= sum(i, a(i)+b(i));
  45  minDurationAMax.. sum(i, a(i)*duration(i)) =g= 14;
  46  minDurationAMin.. sum(i, a(i)*duration(i)) =l= 16;
  47  minDurationBMax.. sum(i, b(i)*duration(i)) =g= 14;
  48  minDurationBMin.. sum(i, b(i)*duration(i)) =l= 14;
  49  minBluesA..       sum(i, a(i)*songGenres(i,'BluesRock')) =e= 2;
  50  minBluesB..       sum(i, b(i)*songGenres(i,'BluesRock')) =e= 2;
  51  minRockNRoll..    sum(i, a(i)*songGenres(i,'RockAndRoll')) =g= 3;
  52  conditionalX..    1-a('i1') =g= a('i5');
  53  conditionalY..    a('i2') + a('i4') =l= b('i1')+1;
  54   
  55  Model exercise3 /all/;
  56  option mip=cplex
  57  Solve exercise3 using mip minimizing z;
  58  Display a.l;
  59  Display b.l;


COMPILATION TIME     =        0.003 SECONDS      3 MB  40.1.0 93c2a77b DEX-DEG
GAMS 40.1.0  93c2a77b Aug 1, 2022           DEX-DEG x86 64bit/Mac OS X - 10/14/22 19:19:09 Page 2
G e n e r a l   A l g e b r a i c   M o d e l i n g   S y s t e m
Equation Listing    SOLVE exercise3 Using MIP From line 57


---- targetFunc  =E=  

targetFunc..  - a(i1) - a(i2) - a(i3) - a(i4) - a(i5) - a(i6) - a(i7) - a(i8) - b(i1) - b(i2) - b(i3) - b(i4) - b(i5) - b(i6) - b(i7) - b(i8) + z =E= 0 ; (LHS = 0)
     

---- minDurationAMax  =G=  

minDurationAMax..  4*a(i1) + 5*a(i2) + 3*a(i3) + 2*a(i4) + 4*a(i5) + 3*a(i6) + 5*a(i7) + 4*a(i8) =G= 14 ; (LHS = 0, INFES = 14 ****)
     

---- minDurationAMin  =L=  

minDurationAMin..  4*a(i1) + 5*a(i2) + 3*a(i3) + 2*a(i4) + 4*a(i5) + 3*a(i6) + 5*a(i7) + 4*a(i8) =L= 16 ; (LHS = 0)
     

---- minDurationBMax  =G=  

minDurationBMax..  4*b(i1) + 5*b(i2) + 3*b(i3) + 2*b(i4) + 4*b(i5) + 3*b(i6) + 5*b(i7) + 4*b(i8) =G= 14 ; (LHS = 0, INFES = 14 ****)
     

---- minDurationBMin  =L=  

minDurationBMin..  4*b(i1) + 5*b(i2) + 3*b(i3) + 2*b(i4) + 4*b(i5) + 3*b(i6) + 5*b(i7) + 4*b(i8) =L= 14 ; (LHS = 0)
     

---- minBluesA  =E=  

minBluesA..  a(i1) + a(i3) + a(i5) + a(i8) =E= 2 ; (LHS = 0, INFES = 2 ****)
     

---- minBluesB  =E=  

minBluesB..  b(i1) + b(i3) + b(i5) + b(i8) =E= 2 ; (LHS = 0, INFES = 2 ****)
     

---- minRockNRoll  =G=  

minRockNRoll..  a(i2) + a(i4) + a(i6) + a(i8) =G= 3 ; (LHS = 0, INFES = 3 ****)
     

---- conditionalX  =G=  

conditionalX..  - a(i1) - a(i5) =G= -1 ; (LHS = 0)
     

---- conditionalY  =L=  

conditionalY..  a(i2) + a(i4) - b(i1) =L= 1 ; (LHS = 0)
     
GAMS 40.1.0  93c2a77b Aug 1, 2022           DEX-DEG x86 64bit/Mac OS X - 10/14/22 19:19:09 Page 3
G e n e r a l   A l g e b r a i c   M o d e l i n g   S y s t e m
Column Listing      SOLVE exercise3 Using MIP From line 57


---- a  Song selected (Side A)

a(i1)
                (.LO, .L, .UP, .M = 0, 0, 1, 0)
       -1       targetFunc
        4       minDurationAMax
        4       minDurationAMin
        1       minBluesA
       -1       conditionalX

a(i2)
                (.LO, .L, .UP, .M = 0, 0, 1, 0)
       -1       targetFunc
        5       minDurationAMax
        5       minDurationAMin
        1       minRockNRoll
        1       conditionalY

a(i3)
                (.LO, .L, .UP, .M = 0, 0, 1, 0)
       -1       targetFunc
        3       minDurationAMax
        3       minDurationAMin
        1       minBluesA

REMAINING 5 ENTRIES SKIPPED

---- b  Song selected (Side B)

b(i1)
                (.LO, .L, .UP, .M = 0, 0, 1, 0)
       -1       targetFunc
        4       minDurationBMax
        4       minDurationBMin
        1       minBluesB
       -1       conditionalY

b(i2)
                (.LO, .L, .UP, .M = 0, 0, 1, 0)
       -1       targetFunc
        5       minDurationBMax
        5       minDurationBMin

b(i3)
                (.LO, .L, .UP, .M = 0, 0, 1, 0)
       -1       targetFunc
        3       minDurationBMax
        3       minDurationBMin
        1       minBluesB

REMAINING 5 ENTRIES SKIPPED

---- z  Target function

z
                (.LO, .L, .UP, .M = -INF, 0, +INF, 0)
        1       targetFunc

GAMS 40.1.0  93c2a77b Aug 1, 2022           DEX-DEG x86 64bit/Mac OS X - 10/14/22 19:19:09 Page 4
G e n e r a l   A l g e b r a i c   M o d e l i n g   S y s t e m
Range Statistics    SOLVE exercise3 Using MIP From line 57


RANGE STATISTICS (ABSOLUTE NON-ZERO FINITE VALUES)

RHS       [min, max] : [ 1.000E+00, 1.600E+01] - Zero values observed as well
Bound     [min, max] : [ 1.000E+00, 1.000E+00] - Zero values observed as well
Matrix    [min, max] : [ 1.000E+00, 5.000E+00]

GAMS 40.1.0  93c2a77b Aug 1, 2022           DEX-DEG x86 64bit/Mac OS X - 10/14/22 19:19:09 Page 5
G e n e r a l   A l g e b r a i c   M o d e l i n g   S y s t e m
Model Statistics    SOLVE exercise3 Using MIP From line 57


MODEL STATISTICS

BLOCKS OF EQUATIONS          10     SINGLE EQUATIONS           10
BLOCKS OF VARIABLES           3     SINGLE VARIABLES           17
NON ZERO ELEMENTS            66     DISCRETE VARIABLES         16


GENERATION TIME      =        0.005 SECONDS      4 MB  40.1.0 93c2a77b DEX-DEG
GAMS 40.1.0  93c2a77b Aug 1, 2022           DEX-DEG x86 64bit/Mac OS X - 10/14/22 19:19:09 Page 6
G e n e r a l   A l g e b r a i c   M o d e l i n g   S y s t e m
Solution Report     SOLVE exercise3 Using MIP From line 57


               S O L V E      S U M M A R Y

     MODEL   exercise3           OBJECTIVE  z
     TYPE    MIP                 DIRECTION  MINIMIZE
     SOLVER  CPLEX               FROM LINE  57

**** SOLVER STATUS     1 Normal Completion
**** MODEL STATUS      1 Optimal
**** OBJECTIVE VALUE                8.0000

 RESOURCE USAGE, LIMIT          0.012 10000000000.000
 ITERATION COUNT, LIMIT         0    2147483647
--- *** This solver runs with a community license. No commercial use.
--- GMO setup time: 0.00s
--- GMO memory 0.50 Mb (peak 0.50 Mb)
--- Dictionary memory 0.00 Mb
--- Cplex 22.1.0.0 link memory 0.00 Mb (peak 0.00 Mb)
--- Starting Cplex


--- MIP status (101): integer optimal solution.
--- Cplex Time: 0.00sec (det. 0.05 ticks)

--- Fixing integer variables and solving final LP...


--- Fixed MIP status (1): optimal.
--- Cplex Time: 0.00sec (det. 0.01 ticks)


Proven optimal solution
MIP Solution:            8.000000    (0 iterations, 0 nodes)
Final Solve:             8.000000    (0 iterations)

Best possible:           8.000000
Absolute gap:            0.000000
Relative gap:            0.000000


                           LOWER          LEVEL          UPPER         MARGINAL

---- EQU targetFunc          .              .              .             1.0000      
---- EQU minDurati~        14.0000        15.0000        +INF             .          
---- EQU minDurati~        -INF           15.0000        16.0000          .          
---- EQU minDurati~        14.0000        14.0000        +INF             .          
---- EQU minDurati~        -INF           14.0000        14.0000          .          
---- EQU minBluesA          2.0000         2.0000         2.0000          .          
---- EQU minBluesB          2.0000         2.0000         2.0000          .          
---- EQU minRockNR~         3.0000         3.0000        +INF             .          
---- EQU condition~        -1.0000          .            +INF             .          
---- EQU condition~        -INF             .             1.0000          .          

---- VAR a  Song selected (Side A)

          LOWER          LEVEL          UPPER         MARGINAL

i1          .              .             1.0000         1.0000      
i2          .             1.0000         1.0000         1.0000      
i3          .             1.0000         1.0000         1.0000      
i4          .              .             1.0000         1.0000      
i5          .              .             1.0000         1.0000      
i6          .             1.0000         1.0000         1.0000      
i7          .              .             1.0000         1.0000      
i8          .             1.0000         1.0000         1.0000      

---- VAR b  Song selected (Side B)

          LOWER          LEVEL          UPPER         MARGINAL

i1          .             1.0000         1.0000         1.0000      
i2          .             1.0000         1.0000         1.0000      
i3          .             1.0000         1.0000         1.0000      
i4          .             1.0000         1.0000         1.0000      
i5          .              .             1.0000         1.0000      
i6          .              .             1.0000         1.0000      
i7          .              .             1.0000         1.0000      
i8          .              .             1.0000         1.0000      

                           LOWER          LEVEL          UPPER         MARGINAL

---- VAR z                 -INF            8.0000        +INF             .          

  z  Target function


**** REPORT SUMMARY :        0     NONOPT
                             0 INFEASIBLE
                             0  UNBOUNDED
GAMS 40.1.0  93c2a77b Aug 1, 2022           DEX-DEG x86 64bit/Mac OS X - 10/14/22 19:19:09 Page 7
G e n e r a l   A l g e b r a i c   M o d e l i n g   S y s t e m
E x e c u t i o n


----     58 VARIABLE a.L  Song selected (Side A)

i2 1.000,    i3 1.000,    i6 1.000,    i8 1.000


----     59 VARIABLE b.L  Song selected (Side B)

i1 1.000,    i2 1.000,    i3 1.000,    i4 1.000



EXECUTION TIME       =        0.042 SECONDS      4 MB  40.1.0 93c2a77b DEX-DEG


USER: GAMS Community License for Juan Alegria        G220811|0002AO-GEN
      Universidad de los Andes,                                  CL3634
      License for teaching and research at degree granting institutions


**** FILE SUMMARY

Input      /Users/zejiran/hack/uniandes/MSO/laboratory-03/exercise3.gms
Output     /Users/zejiran/hack/uniandes/MSO/laboratory-03/exercise3.lst
